(if (> (int 1) (int 0))
  (return
    (int 1)))
(else if (> (int 2) (int 1))
  (return
    (int 2)))
(else if (> (int 3) (int 2))
  (return
    (int 3)))
