(function foo -> (id string)
  (decl
    (id bar)
    : (id string))
)
