(function foo -> (id string)
  (decl
    (id bar)
    : (id string))
  (return
    (+ (string 'hello ') (id bar))))
