(function foo -> (id string)
  (decl
    (id bar)
    : (id string))
  (decl
    (id baz)
    : (id integer))
)
