(function foo -> (id string)
  (return
    (string 'bar')))
