(dim
  (decl
    (id bar)
    : (id string))
   = (string 'baz'))
