(function foo ->
  (return))

(function bar -> (id string)
  (return
    (string 'foo')))