.IFJcode17
DEFVAR GF@a
DEFVAR GF@res
MOVE GF@a int@1
JUMPIFEQ RES_IF_1 GF@a int@1
JUMPIFNEQ RES_IF_2 GF@a int@0
JUMPIFNEQ RES_IF_3 GF@a int@1
JUMPIFNEQ RES_IF_4 GF@a int@4
LABEL RES_IF_1
MOVE GF@res int@42
JUMP END_IF
LABEL RES_IF_2
MOVE GF@res int@24
JUMP END_IF
LABEL RES_IF_3
MOVE GF@res int@24
JUMP END_IF
LABEL RES_IF_4
MOVE GF@res int@24
JUMP END_IF
LABEL END_IF
