.IFJcode17
DEFVAR GF@a
DEFVAR GF@res
MOVE GF@a int@1
JUMPIFEQ RES_IF_2 GF@a int@1
JUMP RES_ELSE_1
LABEL RES_IF_2
MOVE GF@res int@42
JUMP END_IF_2
LABEL RES_ELSE_1
MOVE GF@res int@24
JUMP END_IF_2
LABEL END_IF_2
