.IFJcode17
DEFVAR GF@a
DEFVAR GF@res
MOVE GF@a int@1
JUMPIFEQ RES_IF_23 GF@a int@1
JUMPIFNEQ RES_IF_24 GF@a int@0
JUMPIFNEQ RES_IF_25 GF@a int@1
JUMPIFNEQ RES_IF_26 GF@a int@4
JUMP RES_ELSE_5
LABEL RES_IF_23
MOVE GF@res int@42
JUMP END_IF_11
LABEL RES_IF_24
MOVE GF@res int@24
JUMP END_IF_11
LABEL RES_IF_25
MOVE GF@res int@24
JUMP END_IF_11
LABEL RES_IF_26
MOVE GF@res int@24
JUMP END_IF_11
LABEL RES_ELSE_5
MOVE GF@res int@44
JUMP END_IF_11
LABEL END_IF_11
JUMPIFEQ RES_IF_27 GF@a int@1
JUMPIFNEQ RES_IF_28 GF@a int@0
JUMPIFNEQ RES_IF_29 GF@a int@1
JUMPIFNEQ RES_IF_30 GF@a int@4
JUMP RES_ELSE_6
LABEL RES_IF_27
MOVE GF@res int@42
JUMP END_IF_12
LABEL RES_IF_28
MOVE GF@res int@24
JUMP END_IF_12
LABEL RES_IF_29
MOVE GF@res int@24
JUMP END_IF_12
LABEL RES_IF_30
MOVE GF@res int@24
JUMP END_IF_12
LABEL RES_ELSE_6
MOVE GF@res int@44
JUMP END_IF_12
LABEL END_IF_12
