.IFJcode17
JUMP Scope
LABEL Scope
DEFVAR GF@a
DEFVAR GF@res
MOVE GF@a int@1
JUMPIFEQ RES_IF_7 GF@a int@1
JUMPIFNEQ RES_IF_8 GF@a int@0
JUMPIFNEQ RES_IF_9 GF@a int@1
JUMPIFNEQ RES_IF_10 GF@a int@4
JUMP RES_ELSE_2
LABEL RES_IF_7
MOVE GF@res int@42
JUMP END_IF_4
LABEL RES_IF_8
MOVE GF@res int@24
JUMP END_IF_4
LABEL RES_IF_9
MOVE GF@res int@24
JUMP END_IF_4
LABEL RES_IF_10
MOVE GF@res int@24
JUMP END_IF_4
LABEL RES_ELSE_2
MOVE GF@res int@44
JUMP END_IF_4
LABEL END_IF_4
