.IFJcode17
JUMP Scope
LABEL Scope
CREATEFRAME
DEFVAR TF@temp_bool_1
DEFVAR TF@temp_bool_2
DEFVAR GF@a
DEFVAR GF@res
MOVE GF@a int@1
TYPE TF@temp_bool_1 GF@a
TYPE TF@temp_bool_2 int@1
JUMPIFNEQ END_IF_0 TF@temp_bool_1 TF@temp_bool_2
JUMPIFEQ RES_IF_15 GF@a int@1
TYPE TF@temp_bool_1 GF@a
TYPE TF@temp_bool_2 int@0
JUMPIFNEQ END_IF_0 TF@temp_bool_1 TF@temp_bool_2
JUMPIFNEQ RES_IF_16 GF@a int@0
TYPE TF@temp_bool_1 GF@a
TYPE TF@temp_bool_2 int@1
JUMPIFNEQ END_IF_0 TF@temp_bool_1 TF@temp_bool_2
JUMPIFNEQ RES_IF_17 GF@a int@1
TYPE TF@temp_bool_1 GF@a
TYPE TF@temp_bool_2 int@4
JUMPIFNEQ END_IF_0 TF@temp_bool_1 TF@temp_bool_2
JUMPIFNEQ RES_IF_18 GF@a int@4
LABEL RES_IF_15
MOVE GF@res int@42
JUMP END_IF_9
LABEL RES_IF_16
MOVE GF@res int@24
JUMP END_IF_9
LABEL RES_IF_17
MOVE GF@res int@24
JUMP END_IF_9
LABEL RES_IF_18
MOVE GF@res int@24
JUMP END_IF_9
LABEL END_IF_9
TYPE TF@temp_bool_1 GF@a
TYPE TF@temp_bool_2 int@1
JUMPIFNEQ END_IF_0 TF@temp_bool_1 TF@temp_bool_2
JUMPIFEQ RES_IF_19 GF@a int@1
TYPE TF@temp_bool_1 GF@a
TYPE TF@temp_bool_2 int@0
JUMPIFNEQ END_IF_0 TF@temp_bool_1 TF@temp_bool_2
JUMPIFNEQ RES_IF_20 GF@a int@0
TYPE TF@temp_bool_1 GF@a
TYPE TF@temp_bool_2 int@1
JUMPIFNEQ END_IF_0 TF@temp_bool_1 TF@temp_bool_2
JUMPIFNEQ RES_IF_21 GF@a int@1
TYPE TF@temp_bool_1 GF@a
TYPE TF@temp_bool_2 int@4
JUMPIFNEQ END_IF_0 TF@temp_bool_1 TF@temp_bool_2
JUMPIFNEQ RES_IF_22 GF@a int@4
LABEL RES_IF_19
MOVE GF@res int@42
JUMP END_IF_10
LABEL RES_IF_20
MOVE GF@res int@24
JUMP END_IF_10
LABEL RES_IF_21
MOVE GF@res int@24
JUMP END_IF_10
LABEL RES_IF_22
MOVE GF@res int@24
JUMP END_IF_10
LABEL END_IF_10
LABEL END_IF_0
