.IFJcode17
DEFVAR GF@a
DEFVAR GF@res
MOVE GF@a int@1
JUMPIFEQ RES_IF_1 GF@a int@1
LABEL RES_IF_1
MOVE GF@res int@42
JUMP END_IF
LABEL END_IF
