(while (> (id bar) (int 0))
  (= (id foo) (* (id foo) (id bar)))
  (= (id bar) (- (id bar) (int 1))))
