.IFJcode17
JUMP Scope
LABEL Scope
DEFVAR GF@a
MOVE GF@a int@-4500
DEFVAR GF@b
MOVE GF@b int@-4500
