(if (id a)
  (dim
    (decl
      (id a)
      : (id string))))
