(if (> (int 1) (int 0))
  (return
    (int 1)))
(else if (> (int 2) (int 1))
  (return
    (int 2)))
(else
  (return
    (int 3)))
