(dim
  (decl
    (id foo)
    : (id string)))

(dim
  (decl
    (id bar)
    : (id integer)))
