
.IFJcode17
JUMP Scope
LABEL Scope
DEFVAR GF@a
DEFVAR GF@res
MOVE GF@a int@1
LABEL LOOP_1
LABEL LOOP_2
MOVE GF@res int@42
JUMPIFNEQ LOOP_2 GF@a int@1
JUMPIFNEQ LOOP_1 GF@a int@1
LABEL LOOP_3
LABEL LOOP_4
MOVE GF@res int@42
JUMPIFNEQ LOOP_4 GF@a int@1
JUMPIFNEQ LOOP_3 GF@a int@1
