.IFJcode17
JUMP Scope
LABEL Scope
DEFVAR GF@a
DEFVAR GF@res
MOVE GF@a int@1
LABEL LOOP_1
JUMPIFNEQ LOOP_1 GF@a int@1
