(function factorial -> (id integer)
  (decl
    (id n)
    : (id integer))
  (dim
    (decl
      (id temp_result)
      : (id integer)))
  (dim
    (decl
      (id decremented_n)
      : (id integer)))
  (dim
    (decl
      (id result)
      : (id integer)))
  (if (< (id n) (int 2))
    (= (id result) (int 1)))
  (else
    (= (id decremented_n) (- (id n) (int 1)))
    (= (id temp_result) (call
      (id factorial)
      (id decremented_n)))
    (= (id result) (* (id n) (id temp_result))))
  (return
    (id result)))
