(declare
  (function foo -> (id integer)
  (decl
    (id n)
    : (id integer))
)
