(declare
  (function foo -> (id integer)
    (decl
      (id bar)
      : (id integer))))
